Resolving dependencies...
Downloading packages...
  cli_util 0.4.2 (0.6.0 available)
  cupertino_icons 1.0.9 (2.0.0 available)
  material_color_utilities 0.13.0 (0.13.1 available)
  meta 1.18.3 (1.19.0 available)
  test_api 0.7.12 (0.7.14 available)
  vector_math 2.4.0 (2.4.3 available)
Got dependencies!
6 packages have newer versions incompatible with dependency constraints.
Try `flutter pub outdated` for more information.
Running Gradle task 'assembleRelease'...                        
Font asset "MaterialIcons-Regular.otf" was tree-shaken, reducing it from 1645184 to 1360 bytes (99.9% reduction). Tree-shaking can be disabled by providing the --no-tree-shake-icons flag when building your app.
Caught exception: Already watching path: /home/runner/work/diwakar-suite/diwakar-suite/android
Running Gradle task 'assembleRelease'...                          202.3s
✓ Built build/app/outputs/flutter-apk/app-release.apk (45.4MB)
Resolving dependencies...
Downloading packages...
  cli_util 0.4.2 (0.6.0 available)
  cupertino_icons 1.0.9 (2.0.0 available)
  material_color_utilities 0.13.0 (0.13.1 available)
  meta 1.18.3 (1.19.0 available)
  test_api 0.7.12 (0.7.14 available)
  vector_math 2.4.0 (2.4.3 available)
Got dependencies!
6 packages have newer versions incompatible with dependency constraints.
Try `flutter pub outdated` for more information.
Running Gradle task 'assembleRelease'...                        
Caught exception: Already watching path: /home/runner/work/diwakar-suite/diwakar-suite/android
Running Gradle task 'assembleRelease'...                           20.7s
✓ Built build/app/outputs/flutter-apk/app-armeabi-v7a-release.apk (13.3MB)
✓ Built build/app/outputs/flutter-apk/app-arm64-v8a-release.apk (16.0MB)
✓ Built build/app/outputs/flutter-apk/app-x86_64-release.apk (17.4MB)
